TECHJAM_END_TO_END_ATTENTION_V1
E2E_CONFIG,sequence=16,model_dimension=32,heads=4,head_dimension=8,tile=8,padding_rule=token_mod_7_not_5
E2E_RESULT,0,132284,130336,1.014946,96,31328,0.000179991126,3.13382912,0,PASS
E2E_OUTPUT,0,0,-0.00837350823
E2E_OUTPUT,0,1,0.0282450635
E2E_OUTPUT,0,2,0.063465625
E2E_OUTPUT,0,3,-0.0401529223
E2E_OUTPUT,0,4,0.0139189903
E2E_OUTPUT,0,5,-0.0209932644
E2E_OUTPUT,0,6,0.0237418972
E2E_OUTPUT,0,7,-0.0683910698
E2E_OUTPUT,0,8,-0.0159199927
E2E_OUTPUT,0,9,0.00421996508
E2E_OUTPUT,0,10,0.0885150209
E2E_OUTPUT,0,11,0.0265364796
E2E_OUTPUT,0,12,-0.0561134666
E2E_OUTPUT,0,13,0.0178694446
E2E_OUTPUT,0,14,0.0127801541
E2E_OUTPUT,0,15,0.0214173831
E2E_OUTPUT,0,16,0.0129855778
E2E_OUTPUT,0,17,-0.00581355253
E2E_OUTPUT,0,18,-0.0208636448
E2E_OUTPUT,0,19,0.0117772026
E2E_OUTPUT,0,20,-0.0176424552
E2E_OUTPUT,0,21,-0.00551365223
E2E_OUTPUT,0,22,0.0312473569
E2E_OUTPUT,0,23,0.00463794079
E2E_OUTPUT,0,24,0.0213772245
E2E_OUTPUT,0,25,-0.0700786561
E2E_OUTPUT,0,26,0.00656441646
E2E_OUTPUT,0,27,0.0416471995
E2E_OUTPUT,0,28,-0.000314657576
E2E_OUTPUT,0,29,0.0130063621
E2E_OUTPUT,0,30,-0.0529624112
E2E_OUTPUT,0,31,0.0286621787
E2E_OUTPUT,0,32,-0.00572048314
E2E_OUTPUT,0,33,0.0289027169
E2E_OUTPUT,0,34,0.0613039471
E2E_OUTPUT,0,35,-0.0388412587
E2E_OUTPUT,0,36,0.0101805739
E2E_OUTPUT,0,37,-0.0211252272
E2E_OUTPUT,0,38,0.0237707645
E2E_OUTPUT,0,39,-0.0656687543
E2E_OUTPUT,0,40,-0.0166072845
E2E_OUTPUT,0,41,0.00541557185
E2E_OUTPUT,0,42,0.0879896581
E2E_OUTPUT,0,43,0.0262810923
E2E_OUTPUT,0,44,-0.0561444312
E2E_OUTPUT,0,45,0.0175924506
E2E_OUTPUT,0,46,0.0106658926
E2E_OUTPUT,0,47,0.0207361709
E2E_OUTPUT,0,48,0.0139899468
E2E_OUTPUT,0,49,-0.00406302838
E2E_OUTPUT,0,50,-0.0172550529
E2E_OUTPUT,0,51,0.0108483648
E2E_OUTPUT,0,52,-0.0179376286
E2E_OUTPUT,0,53,-0.00466631027
E2E_OUTPUT,0,54,0.0279360376
E2E_OUTPUT,0,55,0.00542184757
E2E_OUTPUT,0,56,0.0196840391
E2E_OUTPUT,0,57,-0.0660013109
E2E_OUTPUT,0,58,0.00876620971
E2E_OUTPUT,0,59,0.0382159054
E2E_OUTPUT,0,60,-4.37409617e-05
E2E_OUTPUT,0,61,0.0125031061
E2E_OUTPUT,0,62,-0.0544979274
E2E_OUTPUT,0,63,0.0316433236
E2E_OUTPUT,0,64,-0.00636561681
E2E_OUTPUT,0,65,0.0295618847
E2E_OUTPUT,0,66,0.0567232184
E2E_OUTPUT,0,67,-0.0404764824
E2E_OUTPUT,0,68,0.0161001552
E2E_OUTPUT,0,69,-0.0228170138
E2E_OUTPUT,0,70,0.029942397
E2E_OUTPUT,0,71,-0.0675815195
E2E_OUTPUT,0,72,-0.0167113934
E2E_OUTPUT,0,73,0.00194308721
E2E_OUTPUT,0,74,0.0922699794
E2E_OUTPUT,0,75,0.024970552
E2E_OUTPUT,0,76,-0.0607075281
E2E_OUTPUT,0,77,0.0186844096
E2E_OUTPUT,0,78,0.0154889477
E2E_OUTPUT,0,79,0.0249676052
E2E_OUTPUT,0,80,0.0100739198
E2E_OUTPUT,0,81,-0.00321355043
E2E_OUTPUT,0,82,-0.0222658403
E2E_OUTPUT,0,83,0.0114962189
E2E_OUTPUT,0,84,-0.0161715839
E2E_OUTPUT,0,85,-0.00533147156
E2E_OUTPUT,0,86,0.0324360766
E2E_OUTPUT,0,87,0.00790696871
E2E_OUTPUT,0,88,0.0190287139
E2E_OUTPUT,0,89,-0.067898497
E2E_OUTPUT,0,90,0.00655174162
E2E_OUTPUT,0,91,0.0401346833
E2E_OUTPUT,0,92,-0.000105173793
E2E_OUTPUT,0,93,0.0151962582
E2E_OUTPUT,0,94,-0.0473047905
E2E_OUTPUT,0,95,0.0266956314
E2E_OUTPUT,0,96,-0.0029038568
E2E_OUTPUT,0,97,0.0241922438
E2E_OUTPUT,0,98,0.0605740175
E2E_OUTPUT,0,99,-0.0415421203
E2E_OUTPUT,0,100,0.0131044462
E2E_OUTPUT,0,101,-0.021871686
E2E_OUTPUT,0,102,0.0303475894
E2E_OUTPUT,0,103,-0.0689155459
E2E_OUTPUT,0,104,-0.0131392647
E2E_OUTPUT,0,105,0.00250864588
E2E_OUTPUT,0,106,0.0885684118
E2E_OUTPUT,0,107,0.027253177
E2E_OUTPUT,0,108,-0.0597327203
E2E_OUTPUT,0,109,0.0202835109
E2E_OUTPUT,0,110,0.0113855144
E2E_OUTPUT,0,111,0.0283779781
E2E_OUTPUT,0,112,0.00971589237
E2E_OUTPUT,0,113,-0.00517690135
E2E_OUTPUT,0,114,-0.0210880917
E2E_OUTPUT,0,115,0.0124615328
E2E_OUTPUT,0,116,-0.0180723108
E2E_OUTPUT,0,117,0.000253030099
E2E_OUTPUT,0,118,0.0296714362
E2E_OUTPUT,0,119,0.00801026449
E2E_OUTPUT,0,120,0.0162066761
E2E_OUTPUT,0,121,-0.0691254288
E2E_OUTPUT,0,122,0.007144209
E2E_OUTPUT,0,123,0.0387370661
E2E_OUTPUT,0,124,0.00222256407
E2E_OUTPUT,0,125,0.0140921045
E2E_OUTPUT,0,126,-0.0487423576
E2E_OUTPUT,0,127,0.0291055217
E2E_OUTPUT,0,128,-0.00934013166
E2E_OUTPUT,0,129,0.0273222458
E2E_OUTPUT,0,130,0.0585198924
E2E_OUTPUT,0,131,-0.03871518
E2E_OUTPUT,0,132,0.0119778104
E2E_OUTPUT,0,133,-0.0160640981
E2E_OUTPUT,0,134,0.0212858617
E2E_OUTPUT,0,135,-0.0776604638
E2E_OUTPUT,0,136,-0.0133618405
E2E_OUTPUT,0,137,0.00403957395
E2E_OUTPUT,0,138,0.0918333679
E2E_OUTPUT,0,139,0.0264655519
E2E_OUTPUT,0,140,-0.0597672313
E2E_OUTPUT,0,141,0.0176935084
E2E_OUTPUT,0,142,0.00607584417
E2E_OUTPUT,0,143,0.0280944854
E2E_OUTPUT,0,144,0.0137151033
E2E_OUTPUT,0,145,-0.00635575829
E2E_OUTPUT,0,146,-0.0145033067
E2E_OUTPUT,0,147,0.00697486009
E2E_OUTPUT,0,148,-0.0119142085
E2E_OUTPUT,0,149,-0.00567360874
E2E_OUTPUT,0,150,0.0301003419
E2E_OUTPUT,0,151,0.00764558604
E2E_OUTPUT,0,152,0.0182118975
E2E_OUTPUT,0,153,-0.0651393682
E2E_OUTPUT,0,154,0.0050421101
E2E_OUTPUT,0,155,0.0362122469
E2E_OUTPUT,0,156,0.00687158946
E2E_OUTPUT,0,157,0.0143200206
E2E_OUTPUT,0,158,-0.0486230925
E2E_OUTPUT,0,159,0.0274550375
E2E_OUTPUT,0,160,0
E2E_OUTPUT,0,161,0
E2E_OUTPUT,0,162,0
E2E_OUTPUT,0,163,0
E2E_OUTPUT,0,164,0
E2E_OUTPUT,0,165,0
E2E_OUTPUT,0,166,0
E2E_OUTPUT,0,167,0
E2E_OUTPUT,0,168,0
E2E_OUTPUT,0,169,0
E2E_OUTPUT,0,170,0
E2E_OUTPUT,0,171,0
E2E_OUTPUT,0,172,0
E2E_OUTPUT,0,173,0
E2E_OUTPUT,0,174,0
E2E_OUTPUT,0,175,0
E2E_OUTPUT,0,176,0
E2E_OUTPUT,0,177,0
E2E_OUTPUT,0,178,0
E2E_OUTPUT,0,179,0
E2E_OUTPUT,0,180,0
E2E_OUTPUT,0,181,0
E2E_OUTPUT,0,182,0
E2E_OUTPUT,0,183,0
E2E_OUTPUT,0,184,0
E2E_OUTPUT,0,185,0
E2E_OUTPUT,0,186,0
E2E_OUTPUT,0,187,0
E2E_OUTPUT,0,188,0
E2E_OUTPUT,0,189,0
E2E_OUTPUT,0,190,0
E2E_OUTPUT,0,191,0
E2E_OUTPUT,0,192,-0.00952659734
E2E_OUTPUT,0,193,0.0302063189
E2E_OUTPUT,0,194,0.0658063069
E2E_OUTPUT,0,195,-0.0412699692
E2E_OUTPUT,0,196,0.0153653007
E2E_OUTPUT,0,197,-0.0210309923
E2E_OUTPUT,0,198,0.0242081918
E2E_OUTPUT,0,199,-0.0712780878
E2E_OUTPUT,0,200,-0.0169368014
E2E_OUTPUT,0,201,0.00492585823
E2E_OUTPUT,0,202,0.0910217762
E2E_OUTPUT,0,203,0.0266309157
E2E_OUTPUT,0,204,-0.0589857139
E2E_OUTPUT,0,205,0.0173199289
E2E_OUTPUT,0,206,0.00982588716
E2E_OUTPUT,0,207,0.0220111534
E2E_OUTPUT,0,208,0.0145293269
E2E_OUTPUT,0,209,-0.00159676559
E2E_OUTPUT,0,210,-0.0184528232
E2E_OUTPUT,0,211,0.0142192561
E2E_OUTPUT,0,212,-0.0196957625
E2E_OUTPUT,0,213,-0.00428700075
E2E_OUTPUT,0,214,0.0268568397
E2E_OUTPUT,0,215,0.00625357032
E2E_OUTPUT,0,216,0.0250829607
E2E_OUTPUT,0,217,-0.071999006
E2E_OUTPUT,0,218,0.00431363424
E2E_OUTPUT,0,219,0.0425359234
E2E_OUTPUT,0,220,0.0023489194
E2E_OUTPUT,0,221,0.0139399664
E2E_OUTPUT,0,222,-0.0554449484
E2E_OUTPUT,0,223,0.0260573197
E2E_OUTPUT,0,224,-0.00400785124
E2E_OUTPUT,0,225,0.0301536955
E2E_OUTPUT,0,226,0.0651303008
E2E_OUTPUT,0,227,-0.0459098667
E2E_OUTPUT,0,228,0.018837506
E2E_OUTPUT,0,229,-0.0268425532
E2E_OUTPUT,0,230,0.0319551378
E2E_OUTPUT,0,231,-0.0751094371
E2E_OUTPUT,0,232,-0.0127726384
E2E_OUTPUT,0,233,0.0060353037
E2E_OUTPUT,0,234,0.0911569968
E2E_OUTPUT,0,235,0.0285392776
E2E_OUTPUT,0,236,-0.0583272427
E2E_OUTPUT,0,237,0.0182793606
E2E_OUTPUT,0,238,0.00291454932
E2E_OUTPUT,0,239,0.0256796721
E2E_OUTPUT,0,240,0.0161010511
E2E_OUTPUT,0,241,-0.00199353741
E2E_OUTPUT,0,242,-0.028152762
E2E_OUTPUT,0,243,0.0179087128
E2E_OUTPUT,0,244,-0.023191154
E2E_OUTPUT,0,245,0.00507924659
E2E_OUTPUT,0,246,0.0269338582
E2E_OUTPUT,0,247,-0.00472818036
E2E_OUTPUT,0,248,0.018215593
E2E_OUTPUT,0,249,-0.0698275641
E2E_OUTPUT,0,250,0.0110269766
E2E_OUTPUT,0,251,0.0405069292
E2E_OUTPUT,0,252,0.00308482209
E2E_OUTPUT,0,253,0.0122170253
E2E_OUTPUT,0,254,-0.057964664
E2E_OUTPUT,0,255,0.0370592438
E2E_OUTPUT,0,256,-0.00173300353
E2E_OUTPUT,0,257,0.0276416857
E2E_OUTPUT,0,258,0.0561042912
E2E_OUTPUT,0,259,-0.038496159
E2E_OUTPUT,0,260,0.0100776553
E2E_OUTPUT,0,261,-0.0215218291
E2E_OUTPUT,0,262,0.027518481
E2E_OUTPUT,0,263,-0.0695679337
E2E_OUTPUT,0,264,-0.0187834892
E2E_OUTPUT,0,265,0.00585047575
E2E_OUTPUT,0,266,0.0918181837
E2E_OUTPUT,0,267,0.0244693048
E2E_OUTPUT,0,268,-0.0612996556
E2E_OUTPUT,0,269,0.0192060806
E2E_OUTPUT,0,270,0.0122771198
E2E_OUTPUT,0,271,0.0252290703
E2E_OUTPUT,0,272,0.0111557301
E2E_OUTPUT,0,273,-0.00239590835
E2E_OUTPUT,0,274,-0.015458785
E2E_OUTPUT,0,275,0.00780769996
E2E_OUTPUT,0,276,-0.016427014
E2E_OUTPUT,0,277,-0.000930979149
E2E_OUTPUT,0,278,0.0264367294
E2E_OUTPUT,0,279,0.00993983727
E2E_OUTPUT,0,280,0.0184642393
E2E_OUTPUT,0,281,-0.0664467812
E2E_OUTPUT,0,282,0.00843270682
E2E_OUTPUT,0,283,0.0351150483
E2E_OUTPUT,0,284,0.00197658828
E2E_OUTPUT,0,285,0.0131811211
E2E_OUTPUT,0,286,-0.0479802974
E2E_OUTPUT,0,287,0.0297389813
E2E_OUTPUT,0,288,-0.00642455835
E2E_OUTPUT,0,289,0.0260081254
E2E_OUTPUT,0,290,0.0595437065
E2E_OUTPUT,0,291,-0.0409432948
E2E_OUTPUT,0,292,0.0134765701
E2E_OUTPUT,0,293,-0.0198121388
E2E_OUTPUT,0,294,0.026784962
E2E_OUTPUT,0,295,-0.0740254447
E2E_OUTPUT,0,296,-0.0141931996
E2E_OUTPUT,0,297,0.00441515446
E2E_OUTPUT,0,298,0.0916412994
E2E_OUTPUT,0,299,0.0271919817
E2E_OUTPUT,0,300,-0.059548147
E2E_OUTPUT,0,301,0.020432258
E2E_OUTPUT,0,302,0.00857286807
E2E_OUTPUT,0,303,0.0284410287
E2E_OUTPUT,0,304,0.0114690755
E2E_OUTPUT,0,305,-0.00726526324
E2E_OUTPUT,0,306,-0.0198723897
E2E_OUTPUT,0,307,0.00874398742
E2E_OUTPUT,0,308,-0.0138106775
E2E_OUTPUT,0,309,-0.0018334107
E2E_OUTPUT,0,310,0.0314761959
E2E_OUTPUT,0,311,0.00563160842
E2E_OUTPUT,0,312,0.0167459361
E2E_OUTPUT,0,313,-0.0675772354
E2E_OUTPUT,0,314,0.00694860192
E2E_OUTPUT,0,315,0.0404377989
E2E_OUTPUT,0,316,5.3900294e-05
E2E_OUTPUT,0,317,0.0135121467
E2E_OUTPUT,0,318,-0.0464434288
E2E_OUTPUT,0,319,0.0301344804
E2E_OUTPUT,0,320,-0.00545937009
E2E_OUTPUT,0,321,0.0287306942
E2E_OUTPUT,0,322,0.0557630025
E2E_OUTPUT,0,323,-0.0407528728
E2E_OUTPUT,0,324,0.016729176
E2E_OUTPUT,0,325,-0.0249732416
E2E_OUTPUT,0,326,0.0299781896
E2E_OUTPUT,0,327,-0.0683095008
E2E_OUTPUT,0,328,-0.013291277
E2E_OUTPUT,0,329,0.000319296727
E2E_OUTPUT,0,330,0.0911870897
E2E_OUTPUT,0,331,0.0295375846
E2E_OUTPUT,0,332,-0.0606125556
E2E_OUTPUT,0,333,0.0178347249
E2E_OUTPUT,0,334,0.0124639114
E2E_OUTPUT,0,335,0.0264019649
E2E_OUTPUT,0,336,0.0103442604
E2E_OUTPUT,0,337,-0.00593004888
E2E_OUTPUT,0,338,-0.0269817188
E2E_OUTPUT,0,339,0.0104036704
E2E_OUTPUT,0,340,-0.0185394064
E2E_OUTPUT,0,341,0.00169445015
E2E_OUTPUT,0,342,0.0364215486
E2E_OUTPUT,0,343,0.00433432776
E2E_OUTPUT,0,344,0.0124149602
E2E_OUTPUT,0,345,-0.0692262203
E2E_OUTPUT,0,346,0.00905061886
E2E_OUTPUT,0,347,0.0393829383
E2E_OUTPUT,0,348,0.00210925611
E2E_OUTPUT,0,349,0.0134689035
E2E_OUTPUT,0,350,-0.0475365967
E2E_OUTPUT,0,351,0.0325481892
E2E_OUTPUT,0,352,-0.010176681
E2E_OUTPUT,0,353,0.0304434262
E2E_OUTPUT,0,354,0.0621504933
E2E_OUTPUT,0,355,-0.0391522609
E2E_OUTPUT,0,356,0.0142027205
E2E_OUTPUT,0,357,-0.0189840794
E2E_OUTPUT,0,358,0.0191628952
E2E_OUTPUT,0,359,-0.0733610243
E2E_OUTPUT,0,360,-0.0184835736
E2E_OUTPUT,0,361,0.00806581602
E2E_OUTPUT,0,362,0.0902382284
E2E_OUTPUT,0,363,0.0257426482
E2E_OUTPUT,0,364,-0.054821495
E2E_OUTPUT,0,365,0.014152742
E2E_OUTPUT,0,366,0.00605845824
E2E_OUTPUT,0,367,0.0224747434
E2E_OUTPUT,0,368,0.016334746
E2E_OUTPUT,0,369,-0.00439677015
E2E_OUTPUT,0,370,-0.018020289
E2E_OUTPUT,0,371,0.00988306012
E2E_OUTPUT,0,372,-0.0152465701
E2E_OUTPUT,0,373,-0.00607716339
E2E_OUTPUT,0,374,0.0293408092
E2E_OUTPUT,0,375,0.00324918004
E2E_OUTPUT,0,376,0.0228179824
E2E_OUTPUT,0,377,-0.0691741332
E2E_OUTPUT,0,378,0.00678974111
E2E_OUTPUT,0,379,0.0421743952
E2E_OUTPUT,0,380,0.00142066739
E2E_OUTPUT,0,381,0.0127035389
E2E_OUTPUT,0,382,-0.0550526939
E2E_OUTPUT,0,383,0.0306411404
E2E_OUTPUT,0,384,0
E2E_OUTPUT,0,385,0
E2E_OUTPUT,0,386,0
E2E_OUTPUT,0,387,0
E2E_OUTPUT,0,388,0
E2E_OUTPUT,0,389,0
E2E_OUTPUT,0,390,0
E2E_OUTPUT,0,391,0
E2E_OUTPUT,0,392,0
E2E_OUTPUT,0,393,0
E2E_OUTPUT,0,394,0
E2E_OUTPUT,0,395,0
E2E_OUTPUT,0,396,0
E2E_OUTPUT,0,397,0
E2E_OUTPUT,0,398,0
E2E_OUTPUT,0,399,0
E2E_OUTPUT,0,400,0
E2E_OUTPUT,0,401,0
E2E_OUTPUT,0,402,0
E2E_OUTPUT,0,403,0
E2E_OUTPUT,0,404,0
E2E_OUTPUT,0,405,0
E2E_OUTPUT,0,406,0
E2E_OUTPUT,0,407,0
E2E_OUTPUT,0,408,0
E2E_OUTPUT,0,409,0
E2E_OUTPUT,0,410,0
E2E_OUTPUT,0,411,0
E2E_OUTPUT,0,412,0
E2E_OUTPUT,0,413,0
E2E_OUTPUT,0,414,0
E2E_OUTPUT,0,415,0
E2E_OUTPUT,0,416,-0.0032942337
E2E_OUTPUT,0,417,0.0256785825
E2E_OUTPUT,0,418,0.0584861338
E2E_OUTPUT,0,419,-0.0395682231
E2E_OUTPUT,0,420,0.0120558161
E2E_OUTPUT,0,421,-0.0201562773
E2E_OUTPUT,0,422,0.0269150026
E2E_OUTPUT,0,423,-0.0726066902
E2E_OUTPUT,0,424,-0.0153616928
E2E_OUTPUT,0,425,0.00701492745
E2E_OUTPUT,0,426,0.0877883434
E2E_OUTPUT,0,427,0.0263423584
E2E_OUTPUT,0,428,-0.0580549091
E2E_OUTPUT,0,429,0.0154747311
E2E_OUTPUT,0,430,0.00509814313
E2E_OUTPUT,0,431,0.0286056735
E2E_OUTPUT,0,432,0.0154907834
E2E_OUTPUT,0,433,-0.00361881405
E2E_OUTPUT,0,434,-0.0179961864
E2E_OUTPUT,0,435,0.0129029416
E2E_OUTPUT,0,436,-0.0163326934
E2E_OUTPUT,0,437,-0.000586117152
E2E_OUTPUT,0,438,0.0273909904
E2E_OUTPUT,0,439,0.00913863629
E2E_OUTPUT,0,440,0.0177705884
E2E_OUTPUT,0,441,-0.0682023466
E2E_OUTPUT,0,442,0.0111510493
E2E_OUTPUT,0,443,0.0359018818
E2E_OUTPUT,0,444,0.00545343757
E2E_OUTPUT,0,445,0.0134283472
E2E_OUTPUT,0,446,-0.0540962853
E2E_OUTPUT,0,447,0.029261224
E2E_OUTPUT,0,448,-0.00176852429
E2E_OUTPUT,0,449,0.0245086737
E2E_OUTPUT,0,450,0.0559611991
E2E_OUTPUT,0,451,-0.0387714468
E2E_OUTPUT,0,452,0.012674259
E2E_OUTPUT,0,453,-0.0215163622
E2E_OUTPUT,0,454,0.0267031547
E2E_OUTPUT,0,455,-0.0671138316
E2E_OUTPUT,0,456,-0.0147191957
E2E_OUTPUT,0,457,0.00321629737
E2E_OUTPUT,0,458,0.0868192017
E2E_OUTPUT,0,459,0.0273838192
E2E_OUTPUT,0,460,-0.0582354367
E2E_OUTPUT,0,461,0.0165405888
E2E_OUTPUT,0,462,0.0119420188
E2E_OUTPUT,0,463,0.0282997061
E2E_OUTPUT,0,464,0.00982648786
E2E_OUTPUT,0,465,-0.00462124823
E2E_OUTPUT,0,466,-0.0202496871
E2E_OUTPUT,0,467,0.010231371
E2E_OUTPUT,0,468,-0.0172667503
E2E_OUTPUT,0,469,0.000670495676
E2E_OUTPUT,0,470,0.0303376447
E2E_OUTPUT,0,471,0.0122238761
E2E_OUTPUT,0,472,0.0158423018
E2E_OUTPUT,0,473,-0.0709771067
E2E_OUTPUT,0,474,0.00671391562
E2E_OUTPUT,0,475,0.0380730815
E2E_OUTPUT,0,476,0.00316322036
E2E_OUTPUT,0,477,0.0129880998
E2E_OUTPUT,0,478,-0.0490369014
E2E_OUTPUT,0,479,0.0278802365
E2E_OUTPUT,0,480,-0.0062421374
E2E_OUTPUT,0,481,0.0234968364
E2E_OUTPUT,0,482,0.0610217229
E2E_OUTPUT,0,483,-0.0377923101
E2E_OUTPUT,0,484,0.00737367198
E2E_OUTPUT,0,485,-0.0198343229
E2E_OUTPUT,0,486,0.0225529745
E2E_OUTPUT,0,487,-0.0683823153
E2E_OUTPUT,0,488,-0.0155487182
E2E_OUTPUT,0,489,0.00805427693
E2E_OUTPUT,0,490,0.0869585797
E2E_OUTPUT,0,491,0.0251505338
E2E_OUTPUT,0,492,-0.0554167777
E2E_OUTPUT,0,493,0.0187661499
E2E_OUTPUT,0,494,0.00904574804
E2E_OUTPUT,0,495,0.0267208721
E2E_OUTPUT,0,496,0.0104219094
E2E_OUTPUT,0,497,-0.00491587166
E2E_OUTPUT,0,498,-0.0129553843
E2E_OUTPUT,0,499,0.00917867012
E2E_OUTPUT,0,500,-0.0151218008
E2E_OUTPUT,0,501,-0.00481733028
E2E_OUTPUT,0,502,0.0301012751
E2E_OUTPUT,0,503,0.011601557
E2E_OUTPUT,0,504,0.017157292
E2E_OUTPUT,0,505,-0.0644609407
E2E_OUTPUT,0,506,0.00536857871
E2E_OUTPUT,0,507,0.0391012579
E2E_OUTPUT,0,508,0.00122380117
E2E_OUTPUT,0,509,0.0145300841
E2E_OUTPUT,0,510,-0.0506900214
E2E_OUTPUT,0,511,0.0273642968
E2E_RESULT,1,117059,117230,0.998541,96,31328,0.000231683254,0.174059063,0,PASS
E2E_OUTPUT,1,0,0.269227922
E2E_OUTPUT,1,1,-0.268242806
E2E_OUTPUT,1,2,0.0375648849
E2E_OUTPUT,1,3,-0.215718567
E2E_OUTPUT,1,4,0.329050869
E2E_OUTPUT,1,5,-0.29997772
E2E_OUTPUT,1,6,0.0480650067
E2E_OUTPUT,1,7,-0.197429612
E2E_OUTPUT,1,8,0.214170083
E2E_OUTPUT,1,9,0.167299017
E2E_OUTPUT,1,10,0.0918624029
E2E_OUTPUT,1,11,-0.172667816
E2E_OUTPUT,1,12,-0.0383200869
E2E_OUTPUT,1,13,0.341948956
E2E_OUTPUT,1,14,-0.186895624
E2E_OUTPUT,1,15,0.260104388
E2E_OUTPUT,1,16,0.0469723679
E2E_OUTPUT,1,17,0.116895013
E2E_OUTPUT,1,18,-0.445129961
E2E_OUTPUT,1,19,0.117709488
E2E_OUTPUT,1,20,0.0386315994
E2E_OUTPUT,1,21,0.222633183
E2E_OUTPUT,1,22,0.102722302
E2E_OUTPUT,1,23,-0.114042833
E2E_OUTPUT,1,24,-0.27108714
E2E_OUTPUT,1,25,-0.136447251
E2E_OUTPUT,1,26,0.160072297
E2E_OUTPUT,1,27,-0.0316712037
E2E_OUTPUT,1,28,0.01710473
E2E_OUTPUT,1,29,0.0555020422
E2E_OUTPUT,1,30,-0.177647263
E2E_OUTPUT,1,31,0.187219292
E2E_OUTPUT,1,32,0.178340152
E2E_OUTPUT,1,33,-0.164605081
E2E_OUTPUT,1,34,-0.0530484021
E2E_OUTPUT,1,35,-0.183775067
E2E_OUTPUT,1,36,0.189531341
E2E_OUTPUT,1,37,-0.299703777
E2E_OUTPUT,1,38,0.119121529
E2E_OUTPUT,1,39,-0.0230809897
E2E_OUTPUT,1,40,0.0163762532
E2E_OUTPUT,1,41,0.161054507
E2E_OUTPUT,1,42,0.0360547826
E2E_OUTPUT,1,43,-0.138179153
E2E_OUTPUT,1,44,-0.0993730798
E2E_OUTPUT,1,45,0.268621236
E2E_OUTPUT,1,46,-0.00550977467
E2E_OUTPUT,1,47,0.203031644
E2E_OUTPUT,1,48,0.0740354806
E2E_OUTPUT,1,49,0.123729177
E2E_OUTPUT,1,50,-0.374327779
E2E_OUTPUT,1,51,0.1955107
E2E_OUTPUT,1,52,0.0692940652
E2E_OUTPUT,1,53,0.0963457748
E2E_OUTPUT,1,54,0.0102565484
E2E_OUTPUT,1,55,0.0481525883
E2E_OUTPUT,1,56,-0.175419062
E2E_OUTPUT,1,57,0.0280812196
E2E_OUTPUT,1,58,0.239343226
E2E_OUTPUT,1,59,-0.0906080976
E2E_OUTPUT,1,60,0.0129677169
E2E_OUTPUT,1,61,-0.00110444566
E2E_OUTPUT,1,62,-0.162073702
E2E_OUTPUT,1,63,0.185091972
E2E_OUTPUT,1,64,-0.0216968078
E2E_OUTPUT,1,65,-0.022649046
E2E_OUTPUT,1,66,-0.092925474
E2E_OUTPUT,1,67,-0.0957896411
E2E_OUTPUT,1,68,0.117385097
E2E_OUTPUT,1,69,-0.203604877
E2E_OUTPUT,1,70,0.00605748501
E2E_OUTPUT,1,71,0.0908646807
E2E_OUTPUT,1,72,-0.0455858633
E2E_OUTPUT,1,73,0.0513792746
E2E_OUTPUT,1,74,0.170265839
E2E_OUTPUT,1,75,-0.0408891216
E2E_OUTPUT,1,76,-0.187483042
E2E_OUTPUT,1,77,0.191234246
E2E_OUTPUT,1,78,0.0853905231
E2E_OUTPUT,1,79,0.035808716
E2E_OUTPUT,1,80,0.0743506253
E2E_OUTPUT,1,81,0.0735884681
E2E_OUTPUT,1,82,-0.208704546
E2E_OUTPUT,1,83,0.114830263
E2E_OUTPUT,1,84,0.070442751
E2E_OUTPUT,1,85,0.0031637135
E2E_OUTPUT,1,86,0.0957709625
E2E_OUTPUT,1,87,-0.0241250098
E2E_OUTPUT,1,88,-0.0460147746
E2E_OUTPUT,1,89,0.0357625857
E2E_OUTPUT,1,90,0.12828283
E2E_OUTPUT,1,91,0.0695659593
E2E_OUTPUT,1,92,-0.13343823
E2E_OUTPUT,1,93,0.0591046065
E2E_OUTPUT,1,94,-0.0806829631
E2E_OUTPUT,1,95,0.0654834583
E2E_OUTPUT,1,96,-0.035297811
E2E_OUTPUT,1,97,-0.000854943879
E2E_OUTPUT,1,98,-0.069450438
E2E_OUTPUT,1,99,-0.0819786936
E2E_OUTPUT,1,100,0.11195752
E2E_OUTPUT,1,101,-0.209710643
E2E_OUTPUT,1,102,0.0196375847
E2E_OUTPUT,1,103,0.04105426
E2E_OUTPUT,1,104,-0.129038468
E2E_OUTPUT,1,105,0.0872685537
E2E_OUTPUT,1,106,0.155683622
E2E_OUTPUT,1,107,0.00164526561
E2E_OUTPUT,1,108,-0.171691105
E2E_OUTPUT,1,109,0.12727797
E2E_OUTPUT,1,110,0.0916562751
E2E_OUTPUT,1,111,0.0631957501
E2E_OUTPUT,1,112,0.0266340096
E2E_OUTPUT,1,113,0.0909677148
E2E_OUTPUT,1,114,-0.189498961
E2E_OUTPUT,1,115,0.0788078457
E2E_OUTPUT,1,116,0.109421603
E2E_OUTPUT,1,117,-0.0192746185
E2E_OUTPUT,1,118,0.0506200902
E2E_OUTPUT,1,119,-0.0561595
E2E_OUTPUT,1,120,-0.0293937139
E2E_OUTPUT,1,121,0.0640803427
E2E_OUTPUT,1,122,0.124972671
E2E_OUTPUT,1,123,0.0260806642
E2E_OUTPUT,1,124,-0.113997757
E2E_OUTPUT,1,125,0.0509629101
E2E_OUTPUT,1,126,-0.0571938753
E2E_OUTPUT,1,127,0.113554426
E2E_OUTPUT,1,128,-0.120484971
E2E_OUTPUT,1,129,0.030185381
E2E_OUTPUT,1,130,0.00529744849
E2E_OUTPUT,1,131,-0.101072475
E2E_OUTPUT,1,132,0.194733724
E2E_OUTPUT,1,133,-0.143169254
E2E_OUTPUT,1,134,-0.0571877584
E2E_OUTPUT,1,135,0.0773463771
E2E_OUTPUT,1,136,-0.109564424
E2E_OUTPUT,1,137,0.0621251725
E2E_OUTPUT,1,138,0.0867433846
E2E_OUTPUT,1,139,0.106079876
E2E_OUTPUT,1,140,-0.113589838
E2E_OUTPUT,1,141,0.0315180793
E2E_OUTPUT,1,142,0.044583153
E2E_OUTPUT,1,143,0.0317234583
E2E_OUTPUT,1,144,0.063653864
E2E_OUTPUT,1,145,0.102916695
E2E_OUTPUT,1,146,-0.223559812
E2E_OUTPUT,1,147,0.0844835788
E2E_OUTPUT,1,148,0.0536735617
E2E_OUTPUT,1,149,-0.0251547061
E2E_OUTPUT,1,150,0.102100313
E2E_OUTPUT,1,151,-0.024052497
E2E_OUTPUT,1,152,-0.0158404429
E2E_OUTPUT,1,153,-0.142221391
E2E_OUTPUT,1,154,0.109372236
E2E_OUTPUT,1,155,0.0822867006
E2E_OUTPUT,1,156,-0.0876696184
E2E_OUTPUT,1,157,0.0216875169
E2E_OUTPUT,1,158,-0.130329251
E2E_OUTPUT,1,159,0.127254024
E2E_OUTPUT,1,160,0
E2E_OUTPUT,1,161,0
E2E_OUTPUT,1,162,0
E2E_OUTPUT,1,163,0
E2E_OUTPUT,1,164,0
E2E_OUTPUT,1,165,0
E2E_OUTPUT,1,166,0
E2E_OUTPUT,1,167,0
E2E_OUTPUT,1,168,0
E2E_OUTPUT,1,169,0
E2E_OUTPUT,1,170,0
E2E_OUTPUT,1,171,0
E2E_OUTPUT,1,172,0
E2E_OUTPUT,1,173,0
E2E_OUTPUT,1,174,0
E2E_OUTPUT,1,175,0
E2E_OUTPUT,1,176,0
E2E_OUTPUT,1,177,0
E2E_OUTPUT,1,178,0
E2E_OUTPUT,1,179,0
E2E_OUTPUT,1,180,0
E2E_OUTPUT,1,181,0
E2E_OUTPUT,1,182,0
E2E_OUTPUT,1,183,0
E2E_OUTPUT,1,184,0
E2E_OUTPUT,1,185,0
E2E_OUTPUT,1,186,0
E2E_OUTPUT,1,187,0
E2E_OUTPUT,1,188,0
E2E_OUTPUT,1,189,0
E2E_OUTPUT,1,190,0
E2E_OUTPUT,1,191,0
E2E_OUTPUT,1,192,-0.130742103
E2E_OUTPUT,1,193,0.0565085709
E2E_OUTPUT,1,194,0.0889817402
E2E_OUTPUT,1,195,-0.0866523385
E2E_OUTPUT,1,196,0.165858507
E2E_OUTPUT,1,197,-0.133252159
E2E_OUTPUT,1,198,-0.0486888476
E2E_OUTPUT,1,199,0.0545468256
E2E_OUTPUT,1,200,-0.0662681237
E2E_OUTPUT,1,201,0.0182678252
E2E_OUTPUT,1,202,0.106394209
E2E_OUTPUT,1,203,0.0727336183
E2E_OUTPUT,1,204,-0.109848246
E2E_OUTPUT,1,205,0.0540586226
E2E_OUTPUT,1,206,0.0345770679
E2E_OUTPUT,1,207,0.0166917238
E2E_OUTPUT,1,208,0.0211913083
E2E_OUTPUT,1,209,0.123138778
E2E_OUTPUT,1,210,-0.183527306
E2E_OUTPUT,1,211,0.113486998
E2E_OUTPUT,1,212,-0.0114649292
E2E_OUTPUT,1,213,-0.0556231886
E2E_OUTPUT,1,214,0.0845797807
E2E_OUTPUT,1,215,-0.0200026967
E2E_OUTPUT,1,216,0.0315318964
E2E_OUTPUT,1,217,-0.162784442
E2E_OUTPUT,1,218,0.0392247215
E2E_OUTPUT,1,219,0.134786144
E2E_OUTPUT,1,220,-0.0647619292
E2E_OUTPUT,1,221,0.0226250365
E2E_OUTPUT,1,222,-0.136774853
E2E_OUTPUT,1,223,0.0895081833
E2E_OUTPUT,1,224,-0.103538252
E2E_OUTPUT,1,225,0.046099931
E2E_OUTPUT,1,226,0.125131875
E2E_OUTPUT,1,227,-0.101137988
E2E_OUTPUT,1,228,0.213561594
E2E_OUTPUT,1,229,-0.115191899
E2E_OUTPUT,1,230,-0.0709400326
E2E_OUTPUT,1,231,0.00540810078
E2E_OUTPUT,1,232,-0.0815347284
E2E_OUTPUT,1,233,0.059888348
E2E_OUTPUT,1,234,0.0793678313
E2E_OUTPUT,1,235,0.0477470607
E2E_OUTPUT,1,236,-0.0505786762
E2E_OUTPUT,1,237,0.0426580086
E2E_OUTPUT,1,238,0.0716883764
E2E_OUTPUT,1,239,-0.0344985649
E2E_OUTPUT,1,240,0.0369115062
E2E_OUTPUT,1,241,0.13491331
E2E_OUTPUT,1,242,-0.212122917
E2E_OUTPUT,1,243,0.0632695854
E2E_OUTPUT,1,244,-0.00377364364
E2E_OUTPUT,1,245,-0.0718973503
E2E_OUTPUT,1,246,0.0317724906
E2E_OUTPUT,1,247,-0.0257170517
E2E_OUTPUT,1,248,0.0487074293
E2E_OUTPUT,1,249,-0.131439939
E2E_OUTPUT,1,250,0.00483607035
E2E_OUTPUT,1,251,0.0727414787
E2E_OUTPUT,1,252,-0.0594006218
E2E_OUTPUT,1,253,-0.0102652321
E2E_OUTPUT,1,254,-0.13560012
E2E_OUTPUT,1,255,0.107149445
E2E_OUTPUT,1,256,-0.116028696
E2E_OUTPUT,1,257,0.0463864058
E2E_OUTPUT,1,258,0.0962159857
E2E_OUTPUT,1,259,-0.0576535463
E2E_OUTPUT,1,260,0.168514401
E2E_OUTPUT,1,261,-0.0808834881
E2E_OUTPUT,1,262,-0.074179098
E2E_OUTPUT,1,263,-0.00408040546
E2E_OUTPUT,1,264,-0.083556205
E2E_OUTPUT,1,265,0.0511029996
E2E_OUTPUT,1,266,0.0797758251
E2E_OUTPUT,1,267,0.0304469988
E2E_OUTPUT,1,268,-0.0565549135
E2E_OUTPUT,1,269,0.033133287
E2E_OUTPUT,1,270,0.0683339611
E2E_OUTPUT,1,271,-0.0270770118
E2E_OUTPUT,1,272,0.0297087934
E2E_OUTPUT,1,273,0.111417666
E2E_OUTPUT,1,274,-0.161447927
E2E_OUTPUT,1,275,0.0315493047
E2E_OUTPUT,1,276,0.0185646564
E2E_OUTPUT,1,277,-0.118242636
E2E_OUTPUT,1,278,0.0570222996
E2E_OUTPUT,1,279,-0.0232148115
E2E_OUTPUT,1,280,0.0476973876
E2E_OUTPUT,1,281,-0.0891186595
E2E_OUTPUT,1,282,0.0231455043
E2E_OUTPUT,1,283,0.0482561141
E2E_OUTPUT,1,284,-0.0316051319
E2E_OUTPUT,1,285,-0.0176821593
E2E_OUTPUT,1,286,-0.0895179883
E2E_OUTPUT,1,287,0.0917567164
E2E_OUTPUT,1,288,-0.120479286
E2E_OUTPUT,1,289,0.0388187245
E2E_OUTPUT,1,290,0.110446125
E2E_OUTPUT,1,291,-0.071045734
E2E_OUTPUT,1,292,0.149681821
E2E_OUTPUT,1,293,-0.0709432736
E2E_OUTPUT,1,294,-0.0656428784
E2E_OUTPUT,1,295,-0.018356923
E2E_OUTPUT,1,296,-0.059726879
E2E_OUTPUT,1,297,0.0355068147
E2E_OUTPUT,1,298,0.0724140927
E2E_OUTPUT,1,299,0.0487471819
E2E_OUTPUT,1,300,-0.0699627697
E2E_OUTPUT,1,301,0.0359733216
E2E_OUTPUT,1,302,0.0469610505
E2E_OUTPUT,1,303,-0.0147770317
E2E_OUTPUT,1,304,0.0309725683
E2E_OUTPUT,1,305,0.0931312889
E2E_OUTPUT,1,306,-0.150309876
E2E_OUTPUT,1,307,0.0589851737
E2E_OUTPUT,1,308,0.00338127557
E2E_OUTPUT,1,309,-0.0900588632
E2E_OUTPUT,1,310,0.0588940307
E2E_OUTPUT,1,311,-0.0110052237
E2E_OUTPUT,1,312,0.0457515605
E2E_OUTPUT,1,313,-0.107894734
E2E_OUTPUT,1,314,0.0351618193
E2E_OUTPUT,1,315,0.0429954827
E2E_OUTPUT,1,316,-0.0242243093
E2E_OUTPUT,1,317,0.00490717543
E2E_OUTPUT,1,318,-0.0915345028
E2E_OUTPUT,1,319,0.0764596984
E2E_OUTPUT,1,320,-0.12710546
E2E_OUTPUT,1,321,0.0425457582
E2E_OUTPUT,1,322,0.130996287
E2E_OUTPUT,1,323,-0.0644877255
E2E_OUTPUT,1,324,0.100217015
E2E_OUTPUT,1,325,-0.0513155088
E2E_OUTPUT,1,326,-0.0400813818
E2E_OUTPUT,1,327,-0.0738605782
E2E_OUTPUT,1,328,-0.0159761477
E2E_OUTPUT,1,329,-0.00311152264
E2E_OUTPUT,1,330,0.104952209
E2E_OUTPUT,1,331,0.0412480533
E2E_OUTPUT,1,332,-0.0872536674
E2E_OUTPUT,1,333,0.0555805229
E2E_OUTPUT,1,334,0.0511297211
E2E_OUTPUT,1,335,-0.00544030126
E2E_OUTPUT,1,336,0.0197326094
E2E_OUTPUT,1,337,0.0318372734
E2E_OUTPUT,1,338,-0.0852282867
E2E_OUTPUT,1,339,0.0263038334
E2E_OUTPUT,1,340,0.00177089311
E2E_OUTPUT,1,341,-0.0857202783
E2E_OUTPUT,1,342,0.0742631927
E2E_OUTPUT,1,343,-0.0321029536
E2E_OUTPUT,1,344,0.042581398
E2E_OUTPUT,1,345,-0.0799096748
E2E_OUTPUT,1,346,-0.0102383746
E2E_OUTPUT,1,347,0.0518881008
E2E_OUTPUT,1,348,0.0108529665
E2E_OUTPUT,1,349,0.00768410694
E2E_OUTPUT,1,350,-0.0747998431
E2E_OUTPUT,1,351,0.0480947122
E2E_OUTPUT,1,352,-0.0924173146
E2E_OUTPUT,1,353,0.0450517982
E2E_OUTPUT,1,354,0.128456473
E2E_OUTPUT,1,355,-0.0672906563
E2E_OUTPUT,1,356,0.0679020584
E2E_OUTPUT,1,357,-0.0307287015
E2E_OUTPUT,1,358,-0.0076205628
E2E_OUTPUT,1,359,-0.0793244615
E2E_OUTPUT,1,360,0.0190326422
E2E_OUTPUT,1,361,-0.0197246633
E2E_OUTPUT,1,362,0.100283384
E2E_OUTPUT,1,363,0.046815075
E2E_OUTPUT,1,364,-0.0723052472
E2E_OUTPUT,1,365,0.0641415194
E2E_OUTPUT,1,366,0.0321168043
E2E_OUTPUT,1,367,0.00596631039
E2E_OUTPUT,1,368,0.0292345341
E2E_OUTPUT,1,369,0.00574774574
E2E_OUTPUT,1,370,-0.0625294447
E2E_OUTPUT,1,371,0.0358470008
E2E_OUTPUT,1,372,-0.0148372836
E2E_OUTPUT,1,373,-0.0466513596
E2E_OUTPUT,1,374,0.0483506545
E2E_OUTPUT,1,375,0.0124866376
E2E_OUTPUT,1,376,0.0150663033
E2E_OUTPUT,1,377,-0.108817138
E2E_OUTPUT,1,378,0.000195138156
E2E_OUTPUT,1,379,0.0514621101
E2E_OUTPUT,1,380,0.00611876883
E2E_OUTPUT,1,381,0.00152201171
E2E_OUTPUT,1,382,-0.0919966623
E2E_OUTPUT,1,383,0.0331260152
E2E_OUTPUT,1,384,0
E2E_OUTPUT,1,385,0
E2E_OUTPUT,1,386,0
E2E_OUTPUT,1,387,0
E2E_OUTPUT,1,388,0
E2E_OUTPUT,1,389,0
E2E_OUTPUT,1,390,0
E2E_OUTPUT,1,391,0
E2E_OUTPUT,1,392,0
E2E_OUTPUT,1,393,0
E2E_OUTPUT,1,394,0
E2E_OUTPUT,1,395,0
E2E_OUTPUT,1,396,0
E2E_OUTPUT,1,397,0
E2E_OUTPUT,1,398,0
E2E_OUTPUT,1,399,0
E2E_OUTPUT,1,400,0
E2E_OUTPUT,1,401,0
E2E_OUTPUT,1,402,0
E2E_OUTPUT,1,403,0
E2E_OUTPUT,1,404,0
E2E_OUTPUT,1,405,0
E2E_OUTPUT,1,406,0
E2E_OUTPUT,1,407,0
E2E_OUTPUT,1,408,0
E2E_OUTPUT,1,409,0
E2E_OUTPUT,1,410,0
E2E_OUTPUT,1,411,0
E2E_OUTPUT,1,412,0
E2E_OUTPUT,1,413,0
E2E_OUTPUT,1,414,0
E2E_OUTPUT,1,415,0
E2E_OUTPUT,1,416,-0.0244858172
E2E_OUTPUT,1,417,0.0330899544
E2E_OUTPUT,1,418,0.105164528
E2E_OUTPUT,1,419,-0.0488756895
E2E_OUTPUT,1,420,0.0289264768
E2E_OUTPUT,1,421,-0.0140780676
E2E_OUTPUT,1,422,0.0215637963
E2E_OUTPUT,1,423,-0.0689798668
E2E_OUTPUT,1,424,-0.00422651134
E2E_OUTPUT,1,425,-0.00131935719
E2E_OUTPUT,1,426,0.0941166282
E2E_OUTPUT,1,427,0.0176587775
E2E_OUTPUT,1,428,-0.0517894626
E2E_OUTPUT,1,429,0.0376884416
E2E_OUTPUT,1,430,0.0349805392
E2E_OUTPUT,1,431,0.00668612868
E2E_OUTPUT,1,432,0.0213922001
E2E_OUTPUT,1,433,-0.0074536046
E2E_OUTPUT,1,434,-0.030328894
E2E_OUTPUT,1,435,0.0107970405
E2E_OUTPUT,1,436,-0.021705471
E2E_OUTPUT,1,437,-0.0242972486
E2E_OUTPUT,1,438,0.0151549028
E2E_OUTPUT,1,439,0.0305453558
E2E_OUTPUT,1,440,0.0249989089
E2E_OUTPUT,1,441,-0.0878052637
E2E_OUTPUT,1,442,-0.00668315962
E2E_OUTPUT,1,443,0.0458033793
E2E_OUTPUT,1,444,-0.00440636696
E2E_OUTPUT,1,445,0.00568684796
E2E_OUTPUT,1,446,-0.0681377649
E2E_OUTPUT,1,447,0.0243477281
E2E_OUTPUT,1,448,-0.0153654972
E2E_OUTPUT,1,449,0.0268131569
E2E_OUTPUT,1,450,0.0922393948
E2E_OUTPUT,1,451,-0.0503443703
E2E_OUTPUT,1,452,0.0346488059
E2E_OUTPUT,1,453,-0.00796669722
E2E_OUTPUT,1,454,0.0203582831
E2E_OUTPUT,1,455,-0.0882266238
E2E_OUTPUT,1,456,0.00414453773
E2E_OUTPUT,1,457,-0.0021874099
E2E_OUTPUT,1,458,0.0989148989
E2E_OUTPUT,1,459,0.0131537318
E2E_OUTPUT,1,460,-0.0505637974
E2E_OUTPUT,1,461,0.0329728201
E2E_OUTPUT,1,462,0.0192614123
E2E_OUTPUT,1,463,0.0234350245
E2E_OUTPUT,1,464,0.0130070876
E2E_OUTPUT,1,465,-0.0193691999
E2E_OUTPUT,1,466,-0.0345378667
E2E_OUTPUT,1,467,0.00305662584
E2E_OUTPUT,1,468,-0.011278322
E2E_OUTPUT,1,469,-0.0209488217
E2E_OUTPUT,1,470,0.0357339196
E2E_OUTPUT,1,471,0.00834072568
E2E_OUTPUT,1,472,0.0244711395
E2E_OUTPUT,1,473,-0.0911495909
E2E_OUTPUT,1,474,-0.00269895978
E2E_OUTPUT,1,475,0.0539815202
E2E_OUTPUT,1,476,-0.00183850201
E2E_OUTPUT,1,477,0.0100556016
E2E_OUTPUT,1,478,-0.057884559
E2E_OUTPUT,1,479,0.025756957
E2E_OUTPUT,1,480,-0.0062421374
E2E_OUTPUT,1,481,0.0234968364
E2E_OUTPUT,1,482,0.0610217229
E2E_OUTPUT,1,483,-0.0377923101
E2E_OUTPUT,1,484,0.00737367198
E2E_OUTPUT,1,485,-0.0198343229
E2E_OUTPUT,1,486,0.0225529745
E2E_OUTPUT,1,487,-0.0683823153
E2E_OUTPUT,1,488,-0.0155487182
E2E_OUTPUT,1,489,0.00805427693
E2E_OUTPUT,1,490,0.0869585797
E2E_OUTPUT,1,491,0.0251505338
E2E_OUTPUT,1,492,-0.0554167777
E2E_OUTPUT,1,493,0.0187661499
E2E_OUTPUT,1,494,0.00904574804
E2E_OUTPUT,1,495,0.0267208721
E2E_OUTPUT,1,496,0.0104219094
E2E_OUTPUT,1,497,-0.00491587166
E2E_OUTPUT,1,498,-0.0129553843
E2E_OUTPUT,1,499,0.00917867012
E2E_OUTPUT,1,500,-0.0151218008
E2E_OUTPUT,1,501,-0.00481733028
E2E_OUTPUT,1,502,0.0301012751
E2E_OUTPUT,1,503,0.011601557
E2E_OUTPUT,1,504,0.017157292
E2E_OUTPUT,1,505,-0.0644609407
E2E_OUTPUT,1,506,0.00536857871
E2E_OUTPUT,1,507,0.0391012579
E2E_OUTPUT,1,508,0.00122380117
E2E_OUTPUT,1,509,0.0145300841
E2E_OUTPUT,1,510,-0.0506900214
E2E_OUTPUT,1,511,0.0273642968
E2E_DONE,free_heap=302056,min_free_heap=265028
Send e to run the end-to-end suite again.
