TINY_TRANSFORMER_V1
TINY_CONFIG,16,32,4,2,64,24
TINY_RESULT,106614,106596,106636,24800,22688,21,PASS
TINY_LOGIT,0,4.38632488
TINY_LOGIT,1,-2.915627
TINY_LOGIT,2,4.95728874
TINY_LOGIT,3,3.34220338
TINY_LOGIT,4,-4.7260704
TINY_LOGIT,5,5.27063417
TINY_LOGIT,6,-8.49344444
TINY_LOGIT,7,0.439997941
TINY_LOGIT,8,-4.50338173
TINY_LOGIT,9,-9.11648941
TINY_LOGIT,10,-3.45812273
TINY_LOGIT,11,-11.9307423
TINY_LOGIT,12,1.77587318
TINY_LOGIT,13,-3.00905252
TINY_LOGIT,14,-6.21460581
TINY_LOGIT,15,-0.673637033
TINY_LOGIT,16,-0.30762589
TINY_LOGIT,17,3.89569116
TINY_LOGIT,18,3.3807888
TINY_LOGIT,19,4.93640471
TINY_LOGIT,20,-2.38801503
TINY_LOGIT,21,17.7310886
TINY_LOGIT,22,-2.41164899
TINY_LOGIT,23,1.82119942
TINY_DONE
TINY_GENERATION_V1
TINY_GENERATED,0,21,106651
TINY_GENERATED,1,15,106611
TINY_GENERATED,2,1,106695
TINY_GENERATED,3,20,106799
TINY_GENERATED,4,18,106681
TINY_GENERATED,5,5,106761
TINY_GENERATED,6,15,106804
TINY_GENERATED,7,19,106766
TINY_GENERATED,8,9,106655
TINY_GENERATED,9,16,106567
TINY_GENERATED,10,18,106671
TINY_GENERATED,11,14,106750
TINY_GENERATED,12,8,106649
TINY_GENERATED,13,18,106659
TINY_GENERATED,14,19,106677
TINY_GENERATED,15,2,106710
TINY_GENERATED,16,0,106743
TINY_GENERATED,17,8,106756
TINY_GENERATED,18,19,106679
TINY_GENERATED,19,17,106615
TINY_GENERATED,20,4,106503
TINY_GENERATED,21,3,106662
TINY_GENERATED,22,1,106607
TINY_GENERATED,23,15,106574
TINY_GENERATED,24,16,106673
TINY_GENERATED,25,7,106600
TINY_GENERATED,26,8,106588
TINY_GENERATED,27,19,106498
TINY_GENERATED,28,1,106525
TINY_GENERATED,29,19,106685
TINY_GENERATED,30,10,106537
TINY_GENERATED,31,5,106626
TINY_GENERATED,32,18,106665
TINY_GENERATED,33,8,106654
TINY_GENERATED,34,1,106717
TINY_GENERATED,35,5,106770
TINY_GENERATED,36,20,106717
TINY_GENERATED,37,20,106591
TINY_GENERATED,38,8,106555
TINY_GENERATED,39,15,106623
TINY_GENERATED,40,20,106615
TINY_GENERATED,41,11,106466
TINY_GENERATED,42,16,106520
TINY_GENERATED,43,15,106354
TINY_GENERATED,44,2,106588
TINY_GENERATED,45,0,106697
TINY_GENERATED,46,14,106637
TINY_GENERATED,47,8,106508
TINY_GENERATION_DONE,5118654
